// Vitest Snapshot v1, https://vitest.dev/guide/snapshot.html

exports[`renders ThreadViewer 1`] = `
<div>
  <header
    class="MuiPaper-root MuiPaper-elevation MuiPaper-elevation4 MuiAppBar-root MuiAppBar-colorPrimary MuiAppBar-positionStatic css-hip9hq-MuiPaper-root-MuiAppBar-root"
  >
    <div
      class="MuiToolbar-root MuiToolbar-gutters MuiToolbar-regular _topbar_d581fd css-hyum1k-MuiToolbar-root"
    >
      <div
        class="MuiGrid-root MuiGrid-container MuiGrid-direction-xs-row-reverse MuiGrid-wrap-xs-nowrap css-3gyuhu-MuiGrid-root"
      >
        <div
          class="MuiGrid-root MuiGrid-item css-13i4rnv-MuiGrid-root"
        >
          <div
            class="MuiCollapse-root MuiCollapse-horizontal MuiCollapse-hidden css-5nave7-MuiCollapse-root"
            style="min-width: 0px;"
          >
            <div
              class="MuiCollapse-wrapper MuiCollapse-horizontal css-18w3a48-MuiCollapse-wrapper"
            >
              <div
                class="MuiCollapse-wrapperInner MuiCollapse-horizontal css-14vyde3-MuiCollapse-wrapperInner"
              >
                <p
                  class="MuiTypography-root MuiTypography-body1 MuiTypography-noWrap css-fvtpii-MuiTypography-root"
                />
              </div>
            </div>
          </div>
        </div>
        <div
          class="MuiGrid-root MuiGrid-item css-13i4rnv-MuiGrid-root"
        >
          <div
            class="MuiCollapse-root MuiCollapse-horizontal MuiCollapse-entered css-1d98dbz-MuiCollapse-root"
            style="min-width: 0px;"
          >
            <div
              class="MuiCollapse-wrapper MuiCollapse-horizontal css-18w3a48-MuiCollapse-wrapper"
            >
              <div
                class="MuiCollapse-wrapperInner MuiCollapse-horizontal css-14vyde3-MuiCollapse-wrapperInner"
              >
                <input
                  directory=""
                  type="file"
                  webkitdirectory=""
                />
              </div>
            </div>
          </div>
        </div>
      </div>
      <button
        aria-label="Change Input"
        class="MuiButtonBase-root Mui-disabled MuiIconButton-root Mui-disabled MuiIconButton-colorInherit MuiIconButton-sizeMedium css-zylse7-MuiButtonBase-root-MuiIconButton-root"
        disabled=""
        tabindex="-1"
        type="button"
      >
        <svg
          aria-hidden="true"
          class="MuiSvgIcon-root MuiSvgIcon-fontSizeMedium css-i4bv87-MuiSvgIcon-root"
          data-testid="SwapHorizIcon"
          focusable="false"
          viewBox="0 0 24 24"
        >
          <path
            d="M6.99 11 3 15l3.99 4v-3H14v-2H6.99zM21 9l-3.99-4v3H10v2h7.01v3z"
          />
        </svg>
      </button>
    </div>
  </header>
</div>
`;
