// Vitest Snapshot v1, https://vitest.dev/guide/snapshot.html

exports[`renders ThreadViewer 1`] = `
<div>
  <header
    class="MuiPaper-root MuiPaper-elevation MuiPaper-elevation4 MuiAppBar-root MuiAppBar-colorPrimary MuiAppBar-positionStatic css-ptdwpq-MuiPaper-root-MuiAppBar-root"
    style="--Paper-shadow: 0px 2px 4px -1px rgba(0,0,0,0.2),0px 4px 5px 0px rgba(0,0,0,0.14),0px 1px 10px 0px rgba(0,0,0,0.12);"
  >
    <div
      class="MuiToolbar-root MuiToolbar-gutters MuiToolbar-regular _topbar_d581fd css-1ygil4i-MuiToolbar-root"
    >
      <div
        class="MuiGrid-root MuiGrid-container MuiGrid-wrap-xs-nowrap MuiGrid-direction-xs-row-reverse css-xvjwuw-MuiGrid-root"
      >
        <div
          class="MuiGrid-root MuiGrid-direction-xs-row css-17fpwt7-MuiGrid-root"
        >
          <div
            class="MuiCollapse-root MuiCollapse-horizontal MuiCollapse-hidden css-ukha9x-MuiCollapse-root"
            style="min-width: 0px;"
          >
            <div
              class="MuiCollapse-wrapper MuiCollapse-horizontal css-gquduo-MuiCollapse-wrapper"
            >
              <div
                class="MuiCollapse-wrapperInner MuiCollapse-horizontal css-3cp540-MuiCollapse-wrapperInner"
              >
                <p
                  class="MuiTypography-root MuiTypography-body1 MuiTypography-noWrap css-peqrrs-MuiTypography-root"
                />
              </div>
            </div>
          </div>
        </div>
        <div
          class="MuiGrid-root MuiGrid-direction-xs-row css-17fpwt7-MuiGrid-root"
        >
          <div
            class="MuiCollapse-root MuiCollapse-horizontal MuiCollapse-entered css-1uiyv8z-MuiCollapse-root"
            style="min-width: 0px;"
          >
            <div
              class="MuiCollapse-wrapper MuiCollapse-horizontal css-gquduo-MuiCollapse-wrapper"
            >
              <div
                class="MuiCollapse-wrapperInner MuiCollapse-horizontal css-3cp540-MuiCollapse-wrapperInner"
              >
                <input
                  directory=""
                  type="file"
                  webkitdirectory=""
                />
              </div>
            </div>
          </div>
        </div>
      </div>
      <button
        aria-label="Change Input"
        class="MuiButtonBase-root Mui-disabled MuiIconButton-root Mui-disabled MuiIconButton-colorInherit MuiIconButton-sizeMedium css-h7cjts-MuiButtonBase-root-MuiIconButton-root"
        disabled=""
        tabindex="-1"
        type="button"
      >
        <svg
          aria-hidden="true"
          class="MuiSvgIcon-root MuiSvgIcon-fontSizeMedium css-1umw9bq-MuiSvgIcon-root"
          data-testid="SwapHorizIcon"
          focusable="false"
          viewBox="0 0 24 24"
        >
          <path
            d="M6.99 11 3 15l3.99 4v-3H14v-2H6.99zM21 9l-3.99-4v3H10v2h7.01v3z"
          />
        </svg>
      </button>
    </div>
  </header>
</div>
`;
